//runs app.js and set USER_ID and USER_KEY and NODE_ENV

C:\Users\charumathi.hariharan>set USER_ID=239482 node app.js 

C:\Users\charumathi.hariharan>set USER_KEY=foobar node app.js 

C:\Users\charumathi.hariharan>set NODE_ENV=development node app.js 

//run the node app

C:\Users\charumathi.hariharan>node app.js 

15 

239482 node app.js 

foobar node app.js 

development node app.js 

//use the Node.js REPL  

C:\Users\charumathi.hariharan>node 

Welcome to Node.js v14.17.3. 

Type ".help" for more information. 

> console.log('test') 

test //the output we told the console to print

Undefined //return value of running console.log()

//print all the properties and methods

> Number 

[Function: Number] 

> Number. 

Number.__defineGetter__      Number.__defineSetter__      Number.__lookupGetter__ 

Number.__lookupSetter__      Number.__proto__             Number.hasOwnProperty 

Number.isPrototypeOf         Number.propertyIsEnumerable  Number.toLocaleString 

Number.valueOf 


Number.apply                 Number.arguments             Number.bind 

Number.call                  Number.caller                Number.constructor 

Number.toString 


Number.EPSILON               Number.MAX_SAFE_INTEGER      Number.MAX_VALUE 

Number.MIN_SAFE_INTEGER      Number.MIN_VALUE             Number.NEGATIVE_INFINITY 

Number.NaN                   Number.POSITIVE_INFINITY     Number.isFinite 

Number.isInteger             Number.isNaN                 Number.isSafeInteger 

Number.length                Number.name                  Number.parseFloat 

Number.parseInt              Number.prototype 

//Explore global objects

> global.
global.__defineGetter__      global.__defineSetter__
global.__lookupGetter__      global.__lookupSetter__
global.__proto__             global.hasOwnProperty
global.isPrototypeOf         global.propertyIsEnumerable
global.toLocaleString        global.toString
global.valueOf

global.constructor

global.Array                 global.ArrayBuffer
global.Atomics               global.BigInt
global.BigInt64Array         global.BigUint64Array
global.Boolean               global.Buffer
global.DataView              global.Date
global.Error                 global.EvalError
global.FinalizationRegistry  global.Float32Array
global.Float64Array          global.Function
global.Infinity              global.Int16Array
global.Int32Array            global.Int8Array
global.Intl                  global.JSON
global.Map                   global.Math
global.NaN                   global.Number

//Dot commands

> .editor
// Entering editor mode (Ctrl+D to finish, Ctrl+C to cancel)
var a = 10;
var b = 40;
console.log(a + b);
50
undefined